https://ruby-china.org/wiki/install_ruby_guide

ruby DevKit
http://rubyinstaller.org/

安装完成
环境变量
E:\dev\Ruby\Ruby23-x64\bin
E:\dev\DevKit-mingw64-64-4.7.2\bin


RubyGems 镜像- Ruby China
http://gems.ruby-china.org/
gem升级安装(参考gem.txt
RubyGems 手安装升级（升级到2.6.x 也会出现 gem install SSL 错误）
新手问题 gem install SSL 错误 解决
打开命令行执行
set SSL_CERT_FILE=C:\\RailsInstaller\\cacert.pem
修改了全局变量只对当前已经打开的 console 内立即临时生效,关闭后失效。
注意 window下路径使用 \\双斜线切记切记

cacert.pem 下载地址
http://curl.haxx.se/ca/cacert.pem

永久设置设置用户环境变量
 SSL_CERT_FILE
 C:\\RailsInstaller\\cacert.pem
)

升级手安装 gem
Download from above（https://rubygems.org/rubygems/rubygems-2.6.10.zip）
Unpack into a directory and cd there
Install with: ruby setup.rb (you may need admin/root privilege)
$ gem -v
2.6.3
$ gem install compass

镜像
$ gem sources --add https://gems.ruby-china.org/ --remove https://rubygems.org/
$ gem sources -l
https://gems.ruby-china.org
# 确保只有 gems.ruby-china.org

如果你使用 Gemfile 和 Bundler (例如：Rails 项目)

你可以用 Bundler 的 Gem 源代码镜像命令。

$ bundle config mirror.https://rubygems.org https://gems.ruby-china.org
这样你不用改你的 Gemfile 的 source。

source 'https://rubygems.org/'
gem 'rails', '4.2.5'
...

bundler 安装
http://bundler.io/
 gem install bundler

 
 3-web-designs-in-3-weeks 项目实战
 https://juntao.gitbooks.io/3-web-designs-in-3-weeks/content/find_an_agent/index.html
 
   gem install compass
   
   gem install bundler
   git clone git@github.com:abruzzi/design-boilerplate.git
   克隆仓库中有个Gemfile.lock 文件是该项目作者 执行 bundler install留下来的，
   但是每个人机器环境不一定与作者相同
   今天克隆他的项目执行  bundler install 安装依赖包就使用 项目作者的Gemfile.lock 
   报错
   (
An error occurred while installing eventmachine (1.0.7), and Bundler cannot
continue.
Make sure that `gem install eventmachine -v '1.0.7'` succeeds before bundling.)
执行 gem install eventmachine -v '1.0.7 也是失败
执行 gem install eventmachine 成功 版本是(1.2.2)
执行bundler install又是失败
......火了 看此链接有点提示
http://stackoverflow.com/questions/31880676/an-error-occurred-while-installing-eventmachine-1-0-3-and-bundler-cannot-cont

修改了Gemfile.lock  eventmachine 版本号
执行bundler install
提示
Your lockfile is unreadable. Run `rm Gemfile.lock` and then `bundle install` to
generate a new lockfile.
 按照提示
   rm Gemfile.lock
   bundle install
   立刻成功
   
   感慨又填了一坑 如果克隆项目 存在Gemfile.lock
   bundle install 如果失败
   执行 mv  Gemfile.lock Gemfile.lock.clone
   执行   bundle install
   提示如果再不成功在试试 gem update !!!???
